// Jest Snapshot v1, https://goo.gl/fbAQLP

exports[`index or home page should get the route 1`] = `
"<html>

<head>
  <title>Express Test API Test</title>
  <link rel=\\"stylesheet\\" href=\\"/stylesheets/style.css\\">
</head>

<body>
  <h1>Express Test API's</h1>  
  <p>This is a space to document information about test scenarios. If not used, remove from the project.</p>  
  <p>Takle a look at the API exposed using <a href=\\"http://localhost:3000/api-docs/\\">Swagger</a>
  </p>
</body>

</html>
"
`;
