// Jest Snapshot v1, https://goo.gl/fbAQLP

exports[`users api should get the users json response 1`] = `"[{\\"user\\":{\\"name\\":\\"Jane\\",\\"lastname\\":\\"Doe\\"}},{\\"user\\":{\\"name\\":\\"Jon\\",\\"lastname\\":\\"Doe\\"}},{\\"user\\":{\\"name\\":\\"Michael\\",\\"lastname\\":\\"Caine\\"}},{\\"user\\":{\\"name\\":\\"James\\",\\"lastname\\":\\"Bond\\"}},{\\"user\\":{\\"name\\":\\"Robert\\",\\"lastname\\":\\"Plant\\"}},{\\"user\\":{\\"name\\":\\"Jordan\\",\\"lastname\\":\\"Peterson\\"}}]"`;
