// Jest Snapshot v1, https://goo.gl/fbAQLP

exports[`courses api should post http 400 when course id is invalid 1`] = `"{\\"success\\":\\"false\\",\\"message\\":\\"Course failed to add\\",\\"error\\":{\\"errors\\":{\\"courseId\\":{\\"name\\":\\"ValidatorError\\",\\"message\\":\\"Validator failed for path \`courseId\` with value \`undefined\`\\",\\"properties\\":{\\"message\\":\\"Validator failed for path \`courseId\` with value \`undefined\`\\",\\"type\\":\\"user defined\\",\\"path\\":\\"courseId\\",\\"value\\":\\"undefined\\"},\\"kind\\":\\"user defined\\",\\"path\\":\\"courseId\\",\\"value\\":\\"undefined\\"}},\\"_message\\":\\"course validation failed\\",\\"message\\":\\"course validation failed: courseId: Validator failed for path \`courseId\` with value \`undefined\`\\"}}"`;

exports[`courses api should post new courses when all data is valid 1`] = `"{\\"success\\":\\"true\\",\\"message\\":\\"Course added successfully\\",\\"course\\":{\\"courseId\\":\\"05e8ee94-0ef9-430d-89da-81c53848fa09\\",\\"sessionId\\":\\"580a9887-2607-44dc-877c-c50909d2d140\\",\\"totalModulesStudied\\":9,\\"averageScore\\":70,\\"timeStudied\\":123,\\"userId\\":\\"161678b3-6e1e-4bb4-b5b0-57d388c88edc\\"}}"`;
