// Jest Snapshot v1, https://goo.gl/fbAQLP

exports[`courses api post should post http 400 when course id is invalid 1`] = `"{\\"success\\":\\"false\\",\\"message\\":\\"Course creation failed\\",\\"error\\":{\\"errors\\":{\\"courseId\\":{\\"name\\":\\"ValidatorError\\",\\"message\\":\\"Validator failed for path \`courseId\` with value \`undefined\`\\",\\"properties\\":{\\"message\\":\\"Validator failed for path \`courseId\` with value \`undefined\`\\",\\"type\\":\\"user defined\\",\\"path\\":\\"courseId\\",\\"value\\":\\"undefined\\"},\\"kind\\":\\"user defined\\",\\"path\\":\\"courseId\\",\\"value\\":\\"undefined\\"}},\\"_message\\":\\"course validation failed\\",\\"message\\":\\"course validation failed: courseId: Validator failed for path \`courseId\` with value \`undefined\`\\"}}"`;

exports[`courses api post should post new courses when all data is valid 1`] = `"{\\"success\\":\\"true\\",\\"message\\":\\"Course created successfully\\",\\"course\\":{\\"courseId\\":\\"f4df274b-5fde-473c-a40d-7b5ffae9f8d4\\",\\"sessionId\\":\\"ff61a6fa-753e-42b3-8eef-076b5484fd70\\",\\"totalModulesStudied\\":9,\\"averageScore\\":70,\\"timeStudied\\":123,\\"userId\\":\\"jane.doe@someemail.com\\"}}"`;
