// Jest Snapshot v1, https://goo.gl/fbAQLP

exports[`createOrUpdateCourse a course should throw an error when an invalid courseId is added 1`] = `"Unable to create course details"`;

exports[`createOrUpdateCourse a course should throw an error when an invalid sessionId is added 1`] = `"Unable to create or update session details"`;

exports[`createOrUpdateCourse a course should throw an error when an undefined averageScore is added 1`] = `"Unable to create course details"`;

exports[`createOrUpdateCourse a course should throw an error when an undefined sessionId is added 1`] = `"Unable to create or update session details"`;

exports[`createOrUpdateCourse a course should throw an error when an undefined timeStudied is added 1`] = `"Unable to create course details"`;

exports[`createOrUpdateCourse a course should throw an error when an undefined totalModulesStudied is added 1`] = `"Unable to create course details"`;

exports[`createOrUpdateCourse a course should throw an error when an undefined userId is added 1`] = `"Unable to create course details"`;

exports[`createOrUpdateCourse a course should throw an error when and empty course is added 1`] = `"Unable to create course details"`;

exports[`createOrUpdateCourse a course should throw an error when no course is added 1`] = `"Course is required"`;
