// Jest Snapshot v1, https://goo.gl/fbAQLP

exports[`getSession should get NotFoundError when data does not exist 1`] = `[Error: User 'non-ex-userid'not found with course 'non-ex-client-id or session 'non-ex-session-id']`;

exports[`getSession should get expected session from the database 1`] = `
Object {
  "courseId": "04473bf9-6ec6-47e9-be92-77b2bba9b606",
  "sessionId": "3fa85f64-5717-4562-b3fc-2c963f66afa6",
  "stats": Object {
    "averageScore": 70,
    "timeStudied": 4,
    "totalModulesStudied": 10,
  },
  "userId": "915a54b7-8220-4c2b-ac03-cc6edda055a5",
}
`;
