// Jest Snapshot v1, https://goo.gl/fbAQLP

exports[`GameOfLife given a default or configured board should configure a five by five board of empty cells with specific settings 1`] = `
<div>
  <header>
    <div
      class="wrapper"
    >
      <div>
        <svg
          height="32"
          viewBox="0 0 32 32"
          width="32"
          xmlns="http://www.w3.org/2000/svg"
        >
          <g
            fill="none"
            fill-rule="evenodd"
          >
            <path
              d="M10 0h12a10 10 0 0110 10v12a10 10 0 01-10 10H10A10 10 0 010 22V10A10 10 0 0110 0z"
              fill="#FFF"
            />
            <path
              d="M5.3 10.6l10.4 6v11.1l-10.4-6v-11zm11.4-6.2l9.7 5.5-9.7 5.6V4.4z"
              fill="#555AB9"
            />
            <path
              d="M27.2 10.6v11.2l-10.5 6V16.5l10.5-6zM15.7 4.4v11L6 10l9.7-5.5z"
              fill="#91BAF8"
            />
          </g>
        </svg>
        <h1>
          Conway's Game of Life on Mars
        </h1>
      </div>
      <div>
        <button
          class="storybook-button storybook-button--small storybook-button--primary"
          type="button"
        >
          Generate
        </button>
        <button
          class="storybook-button storybook-button--small storybook-button--primary"
          type="button"
        >
          Start Simulation
        </button>
        <button
          class="storybook-button storybook-button--small storybook-button--primary"
          type="button"
        >
          Randomise
        </button>
        <button
          class="storybook-button storybook-button--small storybook-button--primary"
          type="button"
        >
          Clear
        </button>
      </div>
    </div>
  </header>
  <div
    class="grid"
    style="display: grid; grid-template-columns: repeat(5, 50px);"
  >
    <div
      class="cell"
      style="width: 50px; height: 50px; border: 1px solid orange;"
    />
    <div
      class="cell"
      style="width: 50px; height: 50px; border: 1px solid orange;"
    />
    <div
      class="cell"
      style="width: 50px; height: 50px; border: 1px solid orange;"
    />
    <div
      class="cell"
      style="width: 50px; height: 50px; border: 1px solid orange;"
    />
    <div
      class="cell"
      style="width: 50px; height: 50px; border: 1px solid orange;"
    />
    <div
      class="cell"
      style="width: 50px; height: 50px; border: 1px solid orange;"
    />
    <div
      class="cell"
      style="width: 50px; height: 50px; border: 1px solid orange;"
    />
    <div
      class="cell"
      style="width: 50px; height: 50px; border: 1px solid orange;"
    />
    <div
      class="cell"
      style="width: 50px; height: 50px; border: 1px solid orange;"
    />
    <div
      class="cell"
      style="width: 50px; height: 50px; border: 1px solid orange;"
    />
    <div
      class="cell"
      style="width: 50px; height: 50px; border: 1px solid orange;"
    />
    <div
      class="cell"
      style="width: 50px; height: 50px; border: 1px solid orange;"
    />
    <div
      class="cell"
      style="width: 50px; height: 50px; border: 1px solid orange;"
    />
    <div
      class="cell"
      style="width: 50px; height: 50px; border: 1px solid orange;"
    />
    <div
      class="cell"
      style="width: 50px; height: 50px; border: 1px solid orange;"
    />
    <div
      class="cell"
      style="width: 50px; height: 50px; border: 1px solid orange;"
    />
    <div
      class="cell"
      style="width: 50px; height: 50px; border: 1px solid orange;"
    />
    <div
      class="cell"
      style="width: 50px; height: 50px; border: 1px solid orange;"
    />
    <div
      class="cell"
      style="width: 50px; height: 50px; border: 1px solid orange;"
    />
    <div
      class="cell"
      style="width: 50px; height: 50px; border: 1px solid orange;"
    />
    <div
      class="cell"
      style="width: 50px; height: 50px; border: 1px solid orange;"
    />
    <div
      class="cell"
      style="width: 50px; height: 50px; border: 1px solid orange;"
    />
    <div
      class="cell"
      style="width: 50px; height: 50px; border: 1px solid orange;"
    />
    <div
      class="cell"
      style="width: 50px; height: 50px; border: 1px solid orange;"
    />
    <div
      class="cell"
      style="width: 50px; height: 50px; border: 1px solid orange;"
    />
  </div>
</div>
`;

exports[`GameOfLife given a default or configured board should create a default sized empty board with all expected controls 1`] = `
<div>
  <header>
    <div
      class="wrapper"
    >
      <div>
        <svg
          height="32"
          viewBox="0 0 32 32"
          width="32"
          xmlns="http://www.w3.org/2000/svg"
        >
          <g
            fill="none"
            fill-rule="evenodd"
          >
            <path
              d="M10 0h12a10 10 0 0110 10v12a10 10 0 01-10 10H10A10 10 0 010 22V10A10 10 0 0110 0z"
              fill="#FFF"
            />
            <path
              d="M5.3 10.6l10.4 6v11.1l-10.4-6v-11zm11.4-6.2l9.7 5.5-9.7 5.6V4.4z"
              fill="#555AB9"
            />
            <path
              d="M27.2 10.6v11.2l-10.5 6V16.5l10.5-6zM15.7 4.4v11L6 10l9.7-5.5z"
              fill="#91BAF8"
            />
          </g>
        </svg>
        <h1>
          Conway's Game of Life on Mars
        </h1>
      </div>
      <div>
        <button
          class="storybook-button storybook-button--small storybook-button--primary"
          type="button"
        >
          Generate
        </button>
        <button
          class="storybook-button storybook-button--small storybook-button--primary"
          type="button"
        >
          Start Simulation
        </button>
        <button
          class="storybook-button storybook-button--small storybook-button--primary"
          type="button"
        >
          Randomise
        </button>
        <button
          class="storybook-button storybook-button--small storybook-button--primary"
          type="button"
        >
          Clear
        </button>
      </div>
    </div>
  </header>
  <div
    class="grid"
    style="display: grid; grid-template-columns: repeat(10, 40px);"
  >
    <div
      class="cell"
      style="width: 40px; height: 40px; border: 1px solid gray;"
    />
    <div
      class="cell"
      style="width: 40px; height: 40px; border: 1px solid gray;"
    />
    <div
      class="cell"
      style="width: 40px; height: 40px; border: 1px solid gray;"
    />
    <div
      class="cell"
      style="width: 40px; height: 40px; border: 1px solid gray;"
    />
    <div
      class="cell"
      style="width: 40px; height: 40px; border: 1px solid gray;"
    />
    <div
      class="cell"
      style="width: 40px; height: 40px; border: 1px solid gray;"
    />
    <div
      class="cell"
      style="width: 40px; height: 40px; border: 1px solid gray;"
    />
    <div
      class="cell"
      style="width: 40px; height: 40px; border: 1px solid gray;"
    />
    <div
      class="cell"
      style="width: 40px; height: 40px; border: 1px solid gray;"
    />
    <div
      class="cell"
      style="width: 40px; height: 40px; border: 1px solid gray;"
    />
    <div
      class="cell"
      style="width: 40px; height: 40px; border: 1px solid gray;"
    />
    <div
      class="cell"
      style="width: 40px; height: 40px; border: 1px solid gray;"
    />
    <div
      class="cell"
      style="width: 40px; height: 40px; border: 1px solid gray;"
    />
    <div
      class="cell"
      style="width: 40px; height: 40px; border: 1px solid gray;"
    />
    <div
      class="cell"
      style="width: 40px; height: 40px; border: 1px solid gray;"
    />
    <div
      class="cell"
      style="width: 40px; height: 40px; border: 1px solid gray;"
    />
    <div
      class="cell"
      style="width: 40px; height: 40px; border: 1px solid gray;"
    />
    <div
      class="cell"
      style="width: 40px; height: 40px; border: 1px solid gray;"
    />
    <div
      class="cell"
      style="width: 40px; height: 40px; border: 1px solid gray;"
    />
    <div
      class="cell"
      style="width: 40px; height: 40px; border: 1px solid gray;"
    />
    <div
      class="cell"
      style="width: 40px; height: 40px; border: 1px solid gray;"
    />
    <div
      class="cell"
      style="width: 40px; height: 40px; border: 1px solid gray;"
    />
    <div
      class="cell"
      style="width: 40px; height: 40px; border: 1px solid gray;"
    />
    <div
      class="cell"
      style="width: 40px; height: 40px; border: 1px solid gray;"
    />
    <div
      class="cell"
      style="width: 40px; height: 40px; border: 1px solid gray;"
    />
    <div
      class="cell"
      style="width: 40px; height: 40px; border: 1px solid gray;"
    />
    <div
      class="cell"
      style="width: 40px; height: 40px; border: 1px solid gray;"
    />
    <div
      class="cell"
      style="width: 40px; height: 40px; border: 1px solid gray;"
    />
    <div
      class="cell"
      style="width: 40px; height: 40px; border: 1px solid gray;"
    />
    <div
      class="cell"
      style="width: 40px; height: 40px; border: 1px solid gray;"
    />
    <div
      class="cell"
      style="width: 40px; height: 40px; border: 1px solid gray;"
    />
    <div
      class="cell"
      style="width: 40px; height: 40px; border: 1px solid gray;"
    />
    <div
      class="cell"
      style="width: 40px; height: 40px; border: 1px solid gray;"
    />
    <div
      class="cell"
      style="width: 40px; height: 40px; border: 1px solid gray;"
    />
    <div
      class="cell"
      style="width: 40px; height: 40px; border: 1px solid gray;"
    />
    <div
      class="cell"
      style="width: 40px; height: 40px; border: 1px solid gray;"
    />
    <div
      class="cell"
      style="width: 40px; height: 40px; border: 1px solid gray;"
    />
    <div
      class="cell"
      style="width: 40px; height: 40px; border: 1px solid gray;"
    />
    <div
      class="cell"
      style="width: 40px; height: 40px; border: 1px solid gray;"
    />
    <div
      class="cell"
      style="width: 40px; height: 40px; border: 1px solid gray;"
    />
    <div
      class="cell"
      style="width: 40px; height: 40px; border: 1px solid gray;"
    />
    <div
      class="cell"
      style="width: 40px; height: 40px; border: 1px solid gray;"
    />
    <div
      class="cell"
      style="width: 40px; height: 40px; border: 1px solid gray;"
    />
    <div
      class="cell"
      style="width: 40px; height: 40px; border: 1px solid gray;"
    />
    <div
      class="cell"
      style="width: 40px; height: 40px; border: 1px solid gray;"
    />
    <div
      class="cell"
      style="width: 40px; height: 40px; border: 1px solid gray;"
    />
    <div
      class="cell"
      style="width: 40px; height: 40px; border: 1px solid gray;"
    />
    <div
      class="cell"
      style="width: 40px; height: 40px; border: 1px solid gray;"
    />
    <div
      class="cell"
      style="width: 40px; height: 40px; border: 1px solid gray;"
    />
    <div
      class="cell"
      style="width: 40px; height: 40px; border: 1px solid gray;"
    />
    <div
      class="cell"
      style="width: 40px; height: 40px; border: 1px solid gray;"
    />
    <div
      class="cell"
      style="width: 40px; height: 40px; border: 1px solid gray;"
    />
    <div
      class="cell"
      style="width: 40px; height: 40px; border: 1px solid gray;"
    />
    <div
      class="cell"
      style="width: 40px; height: 40px; border: 1px solid gray;"
    />
    <div
      class="cell"
      style="width: 40px; height: 40px; border: 1px solid gray;"
    />
    <div
      class="cell"
      style="width: 40px; height: 40px; border: 1px solid gray;"
    />
    <div
      class="cell"
      style="width: 40px; height: 40px; border: 1px solid gray;"
    />
    <div
      class="cell"
      style="width: 40px; height: 40px; border: 1px solid gray;"
    />
    <div
      class="cell"
      style="width: 40px; height: 40px; border: 1px solid gray;"
    />
    <div
      class="cell"
      style="width: 40px; height: 40px; border: 1px solid gray;"
    />
    <div
      class="cell"
      style="width: 40px; height: 40px; border: 1px solid gray;"
    />
    <div
      class="cell"
      style="width: 40px; height: 40px; border: 1px solid gray;"
    />
    <div
      class="cell"
      style="width: 40px; height: 40px; border: 1px solid gray;"
    />
    <div
      class="cell"
      style="width: 40px; height: 40px; border: 1px solid gray;"
    />
    <div
      class="cell"
      style="width: 40px; height: 40px; border: 1px solid gray;"
    />
    <div
      class="cell"
      style="width: 40px; height: 40px; border: 1px solid gray;"
    />
    <div
      class="cell"
      style="width: 40px; height: 40px; border: 1px solid gray;"
    />
    <div
      class="cell"
      style="width: 40px; height: 40px; border: 1px solid gray;"
    />
    <div
      class="cell"
      style="width: 40px; height: 40px; border: 1px solid gray;"
    />
    <div
      class="cell"
      style="width: 40px; height: 40px; border: 1px solid gray;"
    />
    <div
      class="cell"
      style="width: 40px; height: 40px; border: 1px solid gray;"
    />
    <div
      class="cell"
      style="width: 40px; height: 40px; border: 1px solid gray;"
    />
    <div
      class="cell"
      style="width: 40px; height: 40px; border: 1px solid gray;"
    />
    <div
      class="cell"
      style="width: 40px; height: 40px; border: 1px solid gray;"
    />
    <div
      class="cell"
      style="width: 40px; height: 40px; border: 1px solid gray;"
    />
    <div
      class="cell"
      style="width: 40px; height: 40px; border: 1px solid gray;"
    />
    <div
      class="cell"
      style="width: 40px; height: 40px; border: 1px solid gray;"
    />
    <div
      class="cell"
      style="width: 40px; height: 40px; border: 1px solid gray;"
    />
    <div
      class="cell"
      style="width: 40px; height: 40px; border: 1px solid gray;"
    />
    <div
      class="cell"
      style="width: 40px; height: 40px; border: 1px solid gray;"
    />
    <div
      class="cell"
      style="width: 40px; height: 40px; border: 1px solid gray;"
    />
    <div
      class="cell"
      style="width: 40px; height: 40px; border: 1px solid gray;"
    />
    <div
      class="cell"
      style="width: 40px; height: 40px; border: 1px solid gray;"
    />
    <div
      class="cell"
      style="width: 40px; height: 40px; border: 1px solid gray;"
    />
    <div
      class="cell"
      style="width: 40px; height: 40px; border: 1px solid gray;"
    />
    <div
      class="cell"
      style="width: 40px; height: 40px; border: 1px solid gray;"
    />
    <div
      class="cell"
      style="width: 40px; height: 40px; border: 1px solid gray;"
    />
    <div
      class="cell"
      style="width: 40px; height: 40px; border: 1px solid gray;"
    />
    <div
      class="cell"
      style="width: 40px; height: 40px; border: 1px solid gray;"
    />
    <div
      class="cell"
      style="width: 40px; height: 40px; border: 1px solid gray;"
    />
    <div
      class="cell"
      style="width: 40px; height: 40px; border: 1px solid gray;"
    />
    <div
      class="cell"
      style="width: 40px; height: 40px; border: 1px solid gray;"
    />
    <div
      class="cell"
      style="width: 40px; height: 40px; border: 1px solid gray;"
    />
    <div
      class="cell"
      style="width: 40px; height: 40px; border: 1px solid gray;"
    />
    <div
      class="cell"
      style="width: 40px; height: 40px; border: 1px solid gray;"
    />
    <div
      class="cell"
      style="width: 40px; height: 40px; border: 1px solid gray;"
    />
    <div
      class="cell"
      style="width: 40px; height: 40px; border: 1px solid gray;"
    />
    <div
      class="cell"
      style="width: 40px; height: 40px; border: 1px solid gray;"
    />
    <div
      class="cell"
      style="width: 40px; height: 40px; border: 1px solid gray;"
    />
    <div
      class="cell"
      style="width: 40px; height: 40px; border: 1px solid gray;"
    />
  </div>
</div>
`;

exports[`GameOfLife given a default or configured board should seed all cells as active 1`] = `
<div>
  <header>
    <div
      class="wrapper"
    >
      <div>
        <svg
          height="32"
          viewBox="0 0 32 32"
          width="32"
          xmlns="http://www.w3.org/2000/svg"
        >
          <g
            fill="none"
            fill-rule="evenodd"
          >
            <path
              d="M10 0h12a10 10 0 0110 10v12a10 10 0 01-10 10H10A10 10 0 010 22V10A10 10 0 0110 0z"
              fill="#FFF"
            />
            <path
              d="M5.3 10.6l10.4 6v11.1l-10.4-6v-11zm11.4-6.2l9.7 5.5-9.7 5.6V4.4z"
              fill="#555AB9"
            />
            <path
              d="M27.2 10.6v11.2l-10.5 6V16.5l10.5-6zM15.7 4.4v11L6 10l9.7-5.5z"
              fill="#91BAF8"
            />
          </g>
        </svg>
        <h1>
          Conway's Game of Life on Mars
        </h1>
      </div>
      <div>
        <button
          class="storybook-button storybook-button--small storybook-button--primary"
          type="button"
        >
          Generate
        </button>
        <button
          class="storybook-button storybook-button--small storybook-button--primary"
          type="button"
        >
          Start Simulation
        </button>
        <button
          class="storybook-button storybook-button--small storybook-button--primary"
          type="button"
        >
          Randomise
        </button>
        <button
          class="storybook-button storybook-button--small storybook-button--primary"
          type="button"
        >
          Clear
        </button>
      </div>
    </div>
  </header>
  <div
    class="grid"
    style="display: grid; grid-template-columns: repeat(2, 50px);"
  >
    <div
      class="cell"
      style="width: 50px; height: 50px; border: 1px solid black; background-color: yellow;"
    />
    <div
      class="cell"
      style="width: 50px; height: 50px; border: 1px solid black; background-color: yellow;"
    />
    <div
      class="cell"
      style="width: 50px; height: 50px; border: 1px solid black; background-color: yellow;"
    />
    <div
      class="cell"
      style="width: 50px; height: 50px; border: 1px solid black; background-color: yellow;"
    />
  </div>
</div>
`;

exports[`GameOfLife given various patterns should seed beacon oscillator with generate button: beacon 1`] = `
NodeList [
  <div
    class="cell"
    style="width: 50px; height: 50px; border: 1px solid black;"
  >
    [0, 0]
  </div>,
  <div
    class="cell"
    style="width: 50px; height: 50px; border: 1px solid black;"
  >
    [1, 0]
  </div>,
  <div
    class="cell"
    style="width: 50px; height: 50px; border: 1px solid black;"
  >
    [2, 0]
  </div>,
  <div
    class="cell"
    style="width: 50px; height: 50px; border: 1px solid black;"
  >
    [3, 0]
  </div>,
  <div
    class="cell"
    style="width: 50px; height: 50px; border: 1px solid black;"
  >
    [4, 0]
  </div>,
  <div
    class="cell"
    style="width: 50px; height: 50px; border: 1px solid black;"
  >
    [5, 0]
  </div>,
  <div
    class="cell"
    style="width: 50px; height: 50px; border: 1px solid black;"
  >
    [0, 1]
  </div>,
  <div
    class="cell"
    style="width: 50px; height: 50px; border: 1px solid black; background-color: red;"
  >
    [1, 1]
  </div>,
  <div
    class="cell"
    style="width: 50px; height: 50px; border: 1px solid black; background-color: red;"
  >
    [2, 1]
  </div>,
  <div
    class="cell"
    style="width: 50px; height: 50px; border: 1px solid black;"
  >
    [3, 1]
  </div>,
  <div
    class="cell"
    style="width: 50px; height: 50px; border: 1px solid black;"
  >
    [4, 1]
  </div>,
  <div
    class="cell"
    style="width: 50px; height: 50px; border: 1px solid black;"
  >
    [5, 1]
  </div>,
  <div
    class="cell"
    style="width: 50px; height: 50px; border: 1px solid black;"
  >
    [0, 2]
  </div>,
  <div
    class="cell"
    style="width: 50px; height: 50px; border: 1px solid black; background-color: red;"
  >
    [1, 2]
  </div>,
  <div
    class="cell"
    style="width: 50px; height: 50px; border: 1px solid black;"
  >
    [2, 2]
  </div>,
  <div
    class="cell"
    style="width: 50px; height: 50px; border: 1px solid black;"
  >
    [3, 2]
  </div>,
  <div
    class="cell"
    style="width: 50px; height: 50px; border: 1px solid black;"
  >
    [4, 2]
  </div>,
  <div
    class="cell"
    style="width: 50px; height: 50px; border: 1px solid black;"
  >
    [5, 2]
  </div>,
  <div
    class="cell"
    style="width: 50px; height: 50px; border: 1px solid black;"
  >
    [0, 3]
  </div>,
  <div
    class="cell"
    style="width: 50px; height: 50px; border: 1px solid black;"
  >
    [1, 3]
  </div>,
  <div
    class="cell"
    style="width: 50px; height: 50px; border: 1px solid black;"
  >
    [2, 3]
  </div>,
  <div
    class="cell"
    style="width: 50px; height: 50px; border: 1px solid black;"
  >
    [3, 3]
  </div>,
  <div
    class="cell"
    style="width: 50px; height: 50px; border: 1px solid black; background-color: red;"
  >
    [4, 3]
  </div>,
  <div
    class="cell"
    style="width: 50px; height: 50px; border: 1px solid black;"
  >
    [5, 3]
  </div>,
  <div
    class="cell"
    style="width: 50px; height: 50px; border: 1px solid black;"
  >
    [0, 4]
  </div>,
  <div
    class="cell"
    style="width: 50px; height: 50px; border: 1px solid black;"
  >
    [1, 4]
  </div>,
  <div
    class="cell"
    style="width: 50px; height: 50px; border: 1px solid black;"
  >
    [2, 4]
  </div>,
  <div
    class="cell"
    style="width: 50px; height: 50px; border: 1px solid black; background-color: red;"
  >
    [3, 4]
  </div>,
  <div
    class="cell"
    style="width: 50px; height: 50px; border: 1px solid black; background-color: red;"
  >
    [4, 4]
  </div>,
  <div
    class="cell"
    style="width: 50px; height: 50px; border: 1px solid black;"
  >
    [5, 4]
  </div>,
  <div
    class="cell"
    style="width: 50px; height: 50px; border: 1px solid black;"
  >
    [0, 5]
  </div>,
  <div
    class="cell"
    style="width: 50px; height: 50px; border: 1px solid black;"
  >
    [1, 5]
  </div>,
  <div
    class="cell"
    style="width: 50px; height: 50px; border: 1px solid black;"
  >
    [2, 5]
  </div>,
  <div
    class="cell"
    style="width: 50px; height: 50px; border: 1px solid black;"
  >
    [3, 5]
  </div>,
  <div
    class="cell"
    style="width: 50px; height: 50px; border: 1px solid black;"
  >
    [4, 5]
  </div>,
  <div
    class="cell"
    style="width: 50px; height: 50px; border: 1px solid black;"
  >
    [5, 5]
  </div>,
]
`;

exports[`GameOfLife given various patterns should seed beacon oscillator with generate button: initial 1`] = `
NodeList [
  <div
    class="cell"
    style="width: 50px; height: 50px; border: 1px solid black;"
  >
    [0, 0]
  </div>,
  <div
    class="cell"
    style="width: 50px; height: 50px; border: 1px solid black;"
  >
    [1, 0]
  </div>,
  <div
    class="cell"
    style="width: 50px; height: 50px; border: 1px solid black;"
  >
    [2, 0]
  </div>,
  <div
    class="cell"
    style="width: 50px; height: 50px; border: 1px solid black;"
  >
    [3, 0]
  </div>,
  <div
    class="cell"
    style="width: 50px; height: 50px; border: 1px solid black;"
  >
    [4, 0]
  </div>,
  <div
    class="cell"
    style="width: 50px; height: 50px; border: 1px solid black;"
  >
    [5, 0]
  </div>,
  <div
    class="cell"
    style="width: 50px; height: 50px; border: 1px solid black;"
  >
    [0, 1]
  </div>,
  <div
    class="cell"
    style="width: 50px; height: 50px; border: 1px solid black; background-color: red;"
  >
    [1, 1]
  </div>,
  <div
    class="cell"
    style="width: 50px; height: 50px; border: 1px solid black; background-color: red;"
  >
    [2, 1]
  </div>,
  <div
    class="cell"
    style="width: 50px; height: 50px; border: 1px solid black;"
  >
    [3, 1]
  </div>,
  <div
    class="cell"
    style="width: 50px; height: 50px; border: 1px solid black;"
  >
    [4, 1]
  </div>,
  <div
    class="cell"
    style="width: 50px; height: 50px; border: 1px solid black;"
  >
    [5, 1]
  </div>,
  <div
    class="cell"
    style="width: 50px; height: 50px; border: 1px solid black;"
  >
    [0, 2]
  </div>,
  <div
    class="cell"
    style="width: 50px; height: 50px; border: 1px solid black; background-color: red;"
  >
    [1, 2]
  </div>,
  <div
    class="cell"
    style="width: 50px; height: 50px; border: 1px solid black; background-color: red;"
  >
    [2, 2]
  </div>,
  <div
    class="cell"
    style="width: 50px; height: 50px; border: 1px solid black;"
  >
    [3, 2]
  </div>,
  <div
    class="cell"
    style="width: 50px; height: 50px; border: 1px solid black;"
  >
    [4, 2]
  </div>,
  <div
    class="cell"
    style="width: 50px; height: 50px; border: 1px solid black;"
  >
    [5, 2]
  </div>,
  <div
    class="cell"
    style="width: 50px; height: 50px; border: 1px solid black;"
  >
    [0, 3]
  </div>,
  <div
    class="cell"
    style="width: 50px; height: 50px; border: 1px solid black;"
  >
    [1, 3]
  </div>,
  <div
    class="cell"
    style="width: 50px; height: 50px; border: 1px solid black;"
  >
    [2, 3]
  </div>,
  <div
    class="cell"
    style="width: 50px; height: 50px; border: 1px solid black; background-color: red;"
  >
    [3, 3]
  </div>,
  <div
    class="cell"
    style="width: 50px; height: 50px; border: 1px solid black; background-color: red;"
  >
    [4, 3]
  </div>,
  <div
    class="cell"
    style="width: 50px; height: 50px; border: 1px solid black;"
  >
    [5, 3]
  </div>,
  <div
    class="cell"
    style="width: 50px; height: 50px; border: 1px solid black;"
  >
    [0, 4]
  </div>,
  <div
    class="cell"
    style="width: 50px; height: 50px; border: 1px solid black;"
  >
    [1, 4]
  </div>,
  <div
    class="cell"
    style="width: 50px; height: 50px; border: 1px solid black;"
  >
    [2, 4]
  </div>,
  <div
    class="cell"
    style="width: 50px; height: 50px; border: 1px solid black; background-color: red;"
  >
    [3, 4]
  </div>,
  <div
    class="cell"
    style="width: 50px; height: 50px; border: 1px solid black; background-color: red;"
  >
    [4, 4]
  </div>,
  <div
    class="cell"
    style="width: 50px; height: 50px; border: 1px solid black;"
  >
    [5, 4]
  </div>,
  <div
    class="cell"
    style="width: 50px; height: 50px; border: 1px solid black;"
  >
    [0, 5]
  </div>,
  <div
    class="cell"
    style="width: 50px; height: 50px; border: 1px solid black;"
  >
    [1, 5]
  </div>,
  <div
    class="cell"
    style="width: 50px; height: 50px; border: 1px solid black;"
  >
    [2, 5]
  </div>,
  <div
    class="cell"
    style="width: 50px; height: 50px; border: 1px solid black;"
  >
    [3, 5]
  </div>,
  <div
    class="cell"
    style="width: 50px; height: 50px; border: 1px solid black;"
  >
    [4, 5]
  </div>,
  <div
    class="cell"
    style="width: 50px; height: 50px; border: 1px solid black;"
  >
    [5, 5]
  </div>,
]
`;

exports[`GameOfLife given various patterns should seed generate blinker oscillator pattern with generate button: blink 1`] = `
<div
  class="grid"
  style="display: grid; grid-template-columns: repeat(3, 50px);"
>
  <div
    class="cell"
    style="width: 50px; height: 50px; border: 1px solid gray;"
  >
    [0, 0]
  </div>
  <div
    class="cell"
    style="width: 50px; height: 50px; border: 1px solid gray; background-color: blue;"
  >
    [1, 0]
  </div>
  <div
    class="cell"
    style="width: 50px; height: 50px; border: 1px solid gray;"
  >
    [2, 0]
  </div>
  <div
    class="cell"
    style="width: 50px; height: 50px; border: 1px solid gray;"
  >
    [0, 1]
  </div>
  <div
    class="cell"
    style="width: 50px; height: 50px; border: 1px solid gray; background-color: blue;"
  >
    [1, 1]
  </div>
  <div
    class="cell"
    style="width: 50px; height: 50px; border: 1px solid gray;"
  >
    [2, 1]
  </div>
  <div
    class="cell"
    style="width: 50px; height: 50px; border: 1px solid gray;"
  >
    [0, 2]
  </div>
  <div
    class="cell"
    style="width: 50px; height: 50px; border: 1px solid gray; background-color: blue;"
  >
    [1, 2]
  </div>
  <div
    class="cell"
    style="width: 50px; height: 50px; border: 1px solid gray;"
  >
    [2, 2]
  </div>
</div>
`;

exports[`GameOfLife given various patterns should seed generate blinker oscillator pattern with generate button: blink 2`] = `
<div
  class="grid"
  style="display: grid; grid-template-columns: repeat(3, 50px);"
>
  <div
    class="cell"
    style="width: 50px; height: 50px; border: 1px solid gray;"
  >
    [0, 0]
  </div>
  <div
    class="cell"
    style="width: 50px; height: 50px; border: 1px solid gray;"
  >
    [1, 0]
  </div>
  <div
    class="cell"
    style="width: 50px; height: 50px; border: 1px solid gray;"
  >
    [2, 0]
  </div>
  <div
    class="cell"
    style="width: 50px; height: 50px; border: 1px solid gray; background-color: blue;"
  >
    [0, 1]
  </div>
  <div
    class="cell"
    style="width: 50px; height: 50px; border: 1px solid gray; background-color: blue;"
  >
    [1, 1]
  </div>
  <div
    class="cell"
    style="width: 50px; height: 50px; border: 1px solid gray; background-color: blue;"
  >
    [2, 1]
  </div>
  <div
    class="cell"
    style="width: 50px; height: 50px; border: 1px solid gray;"
  >
    [0, 2]
  </div>
  <div
    class="cell"
    style="width: 50px; height: 50px; border: 1px solid gray;"
  >
    [1, 2]
  </div>
  <div
    class="cell"
    style="width: 50px; height: 50px; border: 1px solid gray;"
  >
    [2, 2]
  </div>
</div>
`;

exports[`GameOfLife given various patterns should seed toad oscillator and then clear this with the clear button: active-toad 1`] = `
NodeList [
  <div
    class="cell"
    style="width: 50px; height: 50px; border: 1px solid red; background-color: green;"
  >
    [2, 2]
  </div>,
  <div
    class="cell"
    style="width: 50px; height: 50px; border: 1px solid red; background-color: green;"
  >
    [3, 2]
  </div>,
  <div
    class="cell"
    style="width: 50px; height: 50px; border: 1px solid red; background-color: green;"
  >
    [4, 2]
  </div>,
  <div
    class="cell"
    style="width: 50px; height: 50px; border: 1px solid red; background-color: green;"
  >
    [1, 3]
  </div>,
  <div
    class="cell"
    style="width: 50px; height: 50px; border: 1px solid red; background-color: green;"
  >
    [2, 3]
  </div>,
  <div
    class="cell"
    style="width: 50px; height: 50px; border: 1px solid red; background-color: green;"
  >
    [3, 3]
  </div>,
]
`;

exports[`GameOfLife given various patterns should seed toad oscillator pattern with generate button: toad 1`] = `
<div
  class="grid"
  style="display: grid; grid-template-columns: repeat(6, 50px);"
>
  <div
    class="cell"
    style="width: 50px; height: 50px; border: 1px solid red;"
  >
    [0, 0]
  </div>
  <div
    class="cell"
    style="width: 50px; height: 50px; border: 1px solid red;"
  >
    [1, 0]
  </div>
  <div
    class="cell"
    style="width: 50px; height: 50px; border: 1px solid red;"
  >
    [2, 0]
  </div>
  <div
    class="cell"
    style="width: 50px; height: 50px; border: 1px solid red;"
  >
    [3, 0]
  </div>
  <div
    class="cell"
    style="width: 50px; height: 50px; border: 1px solid red;"
  >
    [4, 0]
  </div>
  <div
    class="cell"
    style="width: 50px; height: 50px; border: 1px solid red;"
  >
    [5, 0]
  </div>
  <div
    class="cell"
    style="width: 50px; height: 50px; border: 1px solid red;"
  >
    [0, 1]
  </div>
  <div
    class="cell"
    style="width: 50px; height: 50px; border: 1px solid red;"
  >
    [1, 1]
  </div>
  <div
    class="cell"
    style="width: 50px; height: 50px; border: 1px solid red;"
  >
    [2, 1]
  </div>
  <div
    class="cell"
    style="width: 50px; height: 50px; border: 1px solid red;"
  >
    [3, 1]
  </div>
  <div
    class="cell"
    style="width: 50px; height: 50px; border: 1px solid red;"
  >
    [4, 1]
  </div>
  <div
    class="cell"
    style="width: 50px; height: 50px; border: 1px solid red;"
  >
    [5, 1]
  </div>
  <div
    class="cell"
    style="width: 50px; height: 50px; border: 1px solid red;"
  >
    [0, 2]
  </div>
  <div
    class="cell"
    style="width: 50px; height: 50px; border: 1px solid red;"
  >
    [1, 2]
  </div>
  <div
    class="cell"
    style="width: 50px; height: 50px; border: 1px solid red; background-color: green;"
  >
    [2, 2]
  </div>
  <div
    class="cell"
    style="width: 50px; height: 50px; border: 1px solid red; background-color: green;"
  >
    [3, 2]
  </div>
  <div
    class="cell"
    style="width: 50px; height: 50px; border: 1px solid red; background-color: green;"
  >
    [4, 2]
  </div>
  <div
    class="cell"
    style="width: 50px; height: 50px; border: 1px solid red;"
  >
    [5, 2]
  </div>
  <div
    class="cell"
    style="width: 50px; height: 50px; border: 1px solid red;"
  >
    [0, 3]
  </div>
  <div
    class="cell"
    style="width: 50px; height: 50px; border: 1px solid red; background-color: green;"
  >
    [1, 3]
  </div>
  <div
    class="cell"
    style="width: 50px; height: 50px; border: 1px solid red; background-color: green;"
  >
    [2, 3]
  </div>
  <div
    class="cell"
    style="width: 50px; height: 50px; border: 1px solid red; background-color: green;"
  >
    [3, 3]
  </div>
  <div
    class="cell"
    style="width: 50px; height: 50px; border: 1px solid red;"
  >
    [4, 3]
  </div>
  <div
    class="cell"
    style="width: 50px; height: 50px; border: 1px solid red;"
  >
    [5, 3]
  </div>
  <div
    class="cell"
    style="width: 50px; height: 50px; border: 1px solid red;"
  >
    [0, 4]
  </div>
  <div
    class="cell"
    style="width: 50px; height: 50px; border: 1px solid red;"
  >
    [1, 4]
  </div>
  <div
    class="cell"
    style="width: 50px; height: 50px; border: 1px solid red;"
  >
    [2, 4]
  </div>
  <div
    class="cell"
    style="width: 50px; height: 50px; border: 1px solid red;"
  >
    [3, 4]
  </div>
  <div
    class="cell"
    style="width: 50px; height: 50px; border: 1px solid red;"
  >
    [4, 4]
  </div>
  <div
    class="cell"
    style="width: 50px; height: 50px; border: 1px solid red;"
  >
    [5, 4]
  </div>
  <div
    class="cell"
    style="width: 50px; height: 50px; border: 1px solid red;"
  >
    [0, 5]
  </div>
  <div
    class="cell"
    style="width: 50px; height: 50px; border: 1px solid red;"
  >
    [1, 5]
  </div>
  <div
    class="cell"
    style="width: 50px; height: 50px; border: 1px solid red;"
  >
    [2, 5]
  </div>
  <div
    class="cell"
    style="width: 50px; height: 50px; border: 1px solid red;"
  >
    [3, 5]
  </div>
  <div
    class="cell"
    style="width: 50px; height: 50px; border: 1px solid red;"
  >
    [4, 5]
  </div>
  <div
    class="cell"
    style="width: 50px; height: 50px; border: 1px solid red;"
  >
    [5, 5]
  </div>
</div>
`;

exports[`GameOfLife given various patterns should seed toad oscillator pattern with generate button: toad 2`] = `
<div
  class="grid"
  style="display: grid; grid-template-columns: repeat(6, 50px);"
>
  <div
    class="cell"
    style="width: 50px; height: 50px; border: 1px solid red;"
  >
    [0, 0]
  </div>
  <div
    class="cell"
    style="width: 50px; height: 50px; border: 1px solid red;"
  >
    [1, 0]
  </div>
  <div
    class="cell"
    style="width: 50px; height: 50px; border: 1px solid red;"
  >
    [2, 0]
  </div>
  <div
    class="cell"
    style="width: 50px; height: 50px; border: 1px solid red;"
  >
    [3, 0]
  </div>
  <div
    class="cell"
    style="width: 50px; height: 50px; border: 1px solid red;"
  >
    [4, 0]
  </div>
  <div
    class="cell"
    style="width: 50px; height: 50px; border: 1px solid red;"
  >
    [5, 0]
  </div>
  <div
    class="cell"
    style="width: 50px; height: 50px; border: 1px solid red;"
  >
    [0, 1]
  </div>
  <div
    class="cell"
    style="width: 50px; height: 50px; border: 1px solid red;"
  >
    [1, 1]
  </div>
  <div
    class="cell"
    style="width: 50px; height: 50px; border: 1px solid red;"
  >
    [2, 1]
  </div>
  <div
    class="cell"
    style="width: 50px; height: 50px; border: 1px solid red; background-color: green;"
  >
    [3, 1]
  </div>
  <div
    class="cell"
    style="width: 50px; height: 50px; border: 1px solid red;"
  >
    [4, 1]
  </div>
  <div
    class="cell"
    style="width: 50px; height: 50px; border: 1px solid red;"
  >
    [5, 1]
  </div>
  <div
    class="cell"
    style="width: 50px; height: 50px; border: 1px solid red;"
  >
    [0, 2]
  </div>
  <div
    class="cell"
    style="width: 50px; height: 50px; border: 1px solid red; background-color: green;"
  >
    [1, 2]
  </div>
  <div
    class="cell"
    style="width: 50px; height: 50px; border: 1px solid red;"
  >
    [2, 2]
  </div>
  <div
    class="cell"
    style="width: 50px; height: 50px; border: 1px solid red;"
  >
    [3, 2]
  </div>
  <div
    class="cell"
    style="width: 50px; height: 50px; border: 1px solid red; background-color: green;"
  >
    [4, 2]
  </div>
  <div
    class="cell"
    style="width: 50px; height: 50px; border: 1px solid red;"
  >
    [5, 2]
  </div>
  <div
    class="cell"
    style="width: 50px; height: 50px; border: 1px solid red;"
  >
    [0, 3]
  </div>
  <div
    class="cell"
    style="width: 50px; height: 50px; border: 1px solid red; background-color: green;"
  >
    [1, 3]
  </div>
  <div
    class="cell"
    style="width: 50px; height: 50px; border: 1px solid red;"
  >
    [2, 3]
  </div>
  <div
    class="cell"
    style="width: 50px; height: 50px; border: 1px solid red;"
  >
    [3, 3]
  </div>
  <div
    class="cell"
    style="width: 50px; height: 50px; border: 1px solid red; background-color: green;"
  >
    [4, 3]
  </div>
  <div
    class="cell"
    style="width: 50px; height: 50px; border: 1px solid red;"
  >
    [5, 3]
  </div>
  <div
    class="cell"
    style="width: 50px; height: 50px; border: 1px solid red;"
  >
    [0, 4]
  </div>
  <div
    class="cell"
    style="width: 50px; height: 50px; border: 1px solid red;"
  >
    [1, 4]
  </div>
  <div
    class="cell"
    style="width: 50px; height: 50px; border: 1px solid red; background-color: green;"
  >
    [2, 4]
  </div>
  <div
    class="cell"
    style="width: 50px; height: 50px; border: 1px solid red;"
  >
    [3, 4]
  </div>
  <div
    class="cell"
    style="width: 50px; height: 50px; border: 1px solid red;"
  >
    [4, 4]
  </div>
  <div
    class="cell"
    style="width: 50px; height: 50px; border: 1px solid red;"
  >
    [5, 4]
  </div>
  <div
    class="cell"
    style="width: 50px; height: 50px; border: 1px solid red;"
  >
    [0, 5]
  </div>
  <div
    class="cell"
    style="width: 50px; height: 50px; border: 1px solid red;"
  >
    [1, 5]
  </div>
  <div
    class="cell"
    style="width: 50px; height: 50px; border: 1px solid red;"
  >
    [2, 5]
  </div>
  <div
    class="cell"
    style="width: 50px; height: 50px; border: 1px solid red;"
  >
    [3, 5]
  </div>
  <div
    class="cell"
    style="width: 50px; height: 50px; border: 1px solid red;"
  >
    [4, 5]
  </div>
  <div
    class="cell"
    style="width: 50px; height: 50px; border: 1px solid red;"
  >
    [5, 5]
  </div>
</div>
`;
